---
source: tests/snapshots.rs
expression: "render_to_string(&app, 80, 24)"
---
▌ lazyjust  · ./justfile  · 2 recipes                                           
▍ CI ───────────────────────▍ build                                             
▶  build                      Build release                                     
   ○ test                                                                       
                              command                                           
                                $ cargo build --release                         
          ╭ params ──────────────────────────────────────────────────╮          
          │run build:                                                │          
          │                                                          │          
          │> target: x86_64                                          │          
          │                                                          │          
          │Tab next, Enter run, Esc cancel                           │          
          │                                                          │          
          │                                                          │          
          │                                                          │          
          │                                                          │          
          │                                                          │          
          ╰──────────────────────────────────────────────────────────╯          
                                                                                
                                                                                
                                                                                
                                                                                
                                                                                
[1/1] target = x86_64_  ·  ⏎ next  ·  Esc cancel                                

--- styled cells ---
(0,0) "▌" fg=Rgb(122, 162, 247) bg=Reset mod=NONE
(2,0) "l" fg=Rgb(192, 202, 245) bg=Reset mod=BOLD
(3,0) "a" fg=Rgb(192, 202, 245) bg=Reset mod=BOLD
(4,0) "z" fg=Rgb(192, 202, 245) bg=Reset mod=BOLD
(5,0) "y" fg=Rgb(192, 202, 245) bg=Reset mod=BOLD
(6,0) "j" fg=Rgb(192, 202, 245) bg=Reset mod=BOLD
(7,0) "u" fg=Rgb(192, 202, 245) bg=Reset mod=BOLD
(8,0) "s" fg=Rgb(192, 202, 245) bg=Reset mod=BOLD
(9,0) "t" fg=Rgb(192, 202, 245) bg=Reset mod=BOLD
(12,0) "·" fg=Rgb(86, 95, 137) bg=Reset mod=NONE
(14,0) "." fg=Rgb(86, 95, 137) bg=Reset mod=NONE
(15,0) "/" fg=Rgb(86, 95, 137) bg=Reset mod=NONE
(16,0) "j" fg=Rgb(86, 95, 137) bg=Reset mod=NONE
(17,0) "u" fg=Rgb(86, 95, 137) bg=Reset mod=NONE
(18,0) "s" fg=Rgb(86, 95, 137) bg=Reset mod=NONE
(19,0) "t" fg=Rgb(86, 95, 137) bg=Reset mod=NONE
(20,0) "f" fg=Rgb(86, 95, 137) bg=Reset mod=NONE
(21,0) "i" fg=Rgb(86, 95, 137) bg=Reset mod=NONE
(22,0) "l" fg=Rgb(86, 95, 137) bg=Reset mod=NONE
(23,0) "e" fg=Rgb(86, 95, 137) bg=Reset mod=NONE
(26,0) "·" fg=Rgb(86, 95, 137) bg=Reset mod=NONE
(28,0) "2" fg=Rgb(86, 95, 137) bg=Reset mod=NONE
(30,0) "r" fg=Rgb(86, 95, 137) bg=Reset mod=NONE
(31,0) "e" fg=Rgb(86, 95, 137) bg=Reset mod=NONE
(32,0) "c" fg=Rgb(86, 95, 137) bg=Reset mod=NONE
(33,0) "i" fg=Rgb(86, 95, 137) bg=Reset mod=NONE
(34,0) "p" fg=Rgb(86, 95, 137) bg=Reset mod=NONE
(35,0) "e" fg=Rgb(86, 95, 137) bg=Reset mod=NONE
(36,0) "s" fg=Rgb(86, 95, 137) bg=Reset mod=NONE
(0,1) "▍" fg=Rgb(122, 162, 247) bg=Reset mod=NONE
(2,1) "C" fg=Rgb(122, 162, 247) bg=Reset mod=NONE
(3,1) "I" fg=Rgb(122, 162, 247) bg=Reset mod=NONE
(5,1) "─" fg=Rgb(86, 95, 137) bg=Reset mod=NONE
(6,1) "─" fg=Rgb(86, 95, 137) bg=Reset mod=NONE
(7,1) "─" fg=Rgb(86, 95, 137) bg=Reset mod=NONE
(8,1) "─" fg=Rgb(86, 95, 137) bg=Reset mod=NONE
(9,1) "─" fg=Rgb(86, 95, 137) bg=Reset mod=NONE
(10,1) "─" fg=Rgb(86, 95, 137) bg=Reset mod=NONE
(11,1) "─" fg=Rgb(86, 95, 137) bg=Reset mod=NONE
(12,1) "─" fg=Rgb(86, 95, 137) bg=Reset mod=NONE
(13,1) "─" fg=Rgb(86, 95, 137) bg=Reset mod=NONE
(14,1) "─" fg=Rgb(86, 95, 137) bg=Reset mod=NONE
(15,1) "─" fg=Rgb(86, 95, 137) bg=Reset mod=NONE
(16,1) "─" fg=Rgb(86, 95, 137) bg=Reset mod=NONE
(17,1) "─" fg=Rgb(86, 95, 137) bg=Reset mod=NONE
(18,1) "─" fg=Rgb(86, 95, 137) bg=Reset mod=NONE
(19,1) "─" fg=Rgb(86, 95, 137) bg=Reset mod=NONE
(20,1) "─" fg=Rgb(86, 95, 137) bg=Reset mod=NONE
(21,1) "─" fg=Rgb(86, 95, 137) bg=Reset mod=NONE
(22,1) "─" fg=Rgb(86, 95, 137) bg=Reset mod=NONE
(23,1) "─" fg=Rgb(86, 95, 137) bg=Reset mod=NONE
(24,1) "─" fg=Rgb(86, 95, 137) bg=Reset mod=NONE
(25,1) "─" fg=Rgb(86, 95, 137) bg=Reset mod=NONE
(26,1) "─" fg=Rgb(86, 95, 137) bg=Reset mod=NONE
(27,1) "─" fg=Rgb(86, 95, 137) bg=Reset mod=NONE
(28,1) "▍" fg=Rgb(86, 95, 137) bg=Reset mod=NONE
(30,1) "b" fg=Rgb(192, 202, 245) bg=Reset mod=BOLD
(31,1) "u" fg=Rgb(192, 202, 245) bg=Reset mod=BOLD
(32,1) "i" fg=Rgb(192, 202, 245) bg=Reset mod=BOLD
(33,1) "l" fg=Rgb(192, 202, 245) bg=Reset mod=BOLD
(34,1) "d" fg=Rgb(192, 202, 245) bg=Reset mod=BOLD
(0,2) "▶" fg=Rgb(255, 255, 255) bg=Rgb(40, 52, 87) mod=BOLD
(3,2) "b" fg=Rgb(255, 255, 255) bg=Rgb(40, 52, 87) mod=BOLD
(4,2) "u" fg=Rgb(255, 255, 255) bg=Rgb(40, 52, 87) mod=BOLD
(5,2) "i" fg=Rgb(255, 255, 255) bg=Rgb(40, 52, 87) mod=BOLD
(6,2) "l" fg=Rgb(255, 255, 255) bg=Rgb(40, 52, 87) mod=BOLD
(7,2) "d" fg=Rgb(255, 255, 255) bg=Rgb(40, 52, 87) mod=BOLD
(30,2) "B" fg=Rgb(86, 95, 137) bg=Reset mod=NONE
(31,2) "u" fg=Rgb(86, 95, 137) bg=Reset mod=NONE
(32,2) "i" fg=Rgb(86, 95, 137) bg=Reset mod=NONE
(33,2) "l" fg=Rgb(86, 95, 137) bg=Reset mod=NONE
(34,2) "d" fg=Rgb(86, 95, 137) bg=Reset mod=NONE
(36,2) "r" fg=Rgb(86, 95, 137) bg=Reset mod=NONE
(37,2) "e" fg=Rgb(86, 95, 137) bg=Reset mod=NONE
(38,2) "l" fg=Rgb(86, 95, 137) bg=Reset mod=NONE
(39,2) "e" fg=Rgb(86, 95, 137) bg=Reset mod=NONE
(40,2) "a" fg=Rgb(86, 95, 137) bg=Reset mod=NONE
(41,2) "s" fg=Rgb(86, 95, 137) bg=Reset mod=NONE
(42,2) "e" fg=Rgb(86, 95, 137) bg=Reset mod=NONE
(3,3) "○" fg=Rgb(192, 202, 245) bg=Reset mod=NONE
(5,3) "t" fg=Rgb(192, 202, 245) bg=Reset mod=NONE
(6,3) "e" fg=Rgb(192, 202, 245) bg=Reset mod=NONE
(7,3) "s" fg=Rgb(192, 202, 245) bg=Reset mod=NONE
(8,3) "t" fg=Rgb(192, 202, 245) bg=Reset mod=NONE
(30,4) "c" fg=Rgb(86, 95, 137) bg=Reset mod=NONE
(31,4) "o" fg=Rgb(86, 95, 137) bg=Reset mod=NONE
(32,4) "m" fg=Rgb(86, 95, 137) bg=Reset mod=NONE
(33,4) "m" fg=Rgb(86, 95, 137) bg=Reset mod=NONE
(34,4) "a" fg=Rgb(86, 95, 137) bg=Reset mod=NONE
(35,4) "n" fg=Rgb(86, 95, 137) bg=Reset mod=NONE
(36,4) "d" fg=Rgb(86, 95, 137) bg=Reset mod=NONE
(32,5) "$" fg=Rgb(125, 207, 255) bg=Reset mod=NONE
(34,5) "c" fg=Rgb(192, 202, 245) bg=Reset mod=NONE
(35,5) "a" fg=Rgb(192, 202, 245) bg=Reset mod=NONE
(36,5) "r" fg=Rgb(192, 202, 245) bg=Reset mod=NONE
(37,5) "g" fg=Rgb(192, 202, 245) bg=Reset mod=NONE
(38,5) "o" fg=Rgb(192, 202, 245) bg=Reset mod=NONE
(40,5) "b" fg=Rgb(192, 202, 245) bg=Reset mod=NONE
(41,5) "u" fg=Rgb(192, 202, 245) bg=Reset mod=NONE
(42,5) "i" fg=Rgb(192, 202, 245) bg=Reset mod=NONE
(43,5) "l" fg=Rgb(192, 202, 245) bg=Reset mod=NONE
(44,5) "d" fg=Rgb(192, 202, 245) bg=Reset mod=NONE
(46,5) "-" fg=Rgb(192, 202, 245) bg=Reset mod=NONE
(47,5) "-" fg=Rgb(192, 202, 245) bg=Reset mod=NONE
(48,5) "r" fg=Rgb(192, 202, 245) bg=Reset mod=NONE
(49,5) "e" fg=Rgb(192, 202, 245) bg=Reset mod=NONE
(50,5) "l" fg=Rgb(192, 202, 245) bg=Reset mod=NONE
(51,5) "e" fg=Rgb(192, 202, 245) bg=Reset mod=NONE
(52,5) "a" fg=Rgb(192, 202, 245) bg=Reset mod=NONE
(53,5) "s" fg=Rgb(192, 202, 245) bg=Reset mod=NONE
(54,5) "e" fg=Rgb(192, 202, 245) bg=Reset mod=NONE
(10,6) "╭" fg=Rgb(122, 162, 247) bg=Rgb(26, 27, 38) mod=NONE
(12,6) "p" fg=Rgb(192, 202, 245) bg=Rgb(26, 27, 38) mod=BOLD
(13,6) "a" fg=Rgb(192, 202, 245) bg=Rgb(26, 27, 38) mod=BOLD
(14,6) "r" fg=Rgb(192, 202, 245) bg=Rgb(26, 27, 38) mod=BOLD
(15,6) "a" fg=Rgb(192, 202, 245) bg=Rgb(26, 27, 38) mod=BOLD
(16,6) "m" fg=Rgb(192, 202, 245) bg=Rgb(26, 27, 38) mod=BOLD
(17,6) "s" fg=Rgb(192, 202, 245) bg=Rgb(26, 27, 38) mod=BOLD
(19,6) "─" fg=Rgb(122, 162, 247) bg=Rgb(26, 27, 38) mod=NONE
(20,6) "─" fg=Rgb(122, 162, 247) bg=Rgb(26, 27, 38) mod=NONE
(21,6) "─" fg=Rgb(122, 162, 247) bg=Rgb(26, 27, 38) mod=NONE
(22,6) "─" fg=Rgb(122, 162, 247) bg=Rgb(26, 27, 38) mod=NONE
(23,6) "─" fg=Rgb(122, 162, 247) bg=Rgb(26, 27, 38) mod=NONE
(24,6) "─" fg=Rgb(122, 162, 247) bg=Rgb(26, 27, 38) mod=NONE
(25,6) "─" fg=Rgb(122, 162, 247) bg=Rgb(26, 27, 38) mod=NONE
(26,6) "─" fg=Rgb(122, 162, 247) bg=Rgb(26, 27, 38) mod=NONE
(27,6) "─" fg=Rgb(122, 162, 247) bg=Rgb(26, 27, 38) mod=NONE
(28,6) "─" fg=Rgb(122, 162, 247) bg=Rgb(26, 27, 38) mod=NONE
(29,6) "─" fg=Rgb(122, 162, 247) bg=Rgb(26, 27, 38) mod=NONE
(30,6) "─" fg=Rgb(122, 162, 247) bg=Rgb(26, 27, 38) mod=NONE
(31,6) "─" fg=Rgb(122, 162, 247) bg=Rgb(26, 27, 38) mod=NONE
(32,6) "─" fg=Rgb(122, 162, 247) bg=Rgb(26, 27, 38) mod=NONE
(33,6) "─" fg=Rgb(122, 162, 247) bg=Rgb(26, 27, 38) mod=NONE
(34,6) "─" fg=Rgb(122, 162, 247) bg=Rgb(26, 27, 38) mod=NONE
(35,6) "─" fg=Rgb(122, 162, 247) bg=Rgb(26, 27, 38) mod=NONE
(36,6) "─" fg=Rgb(122, 162, 247) bg=Rgb(26, 27, 38) mod=NONE
(37,6) "─" fg=Rgb(122, 162, 247) bg=Rgb(26, 27, 38) mod=NONE
(38,6) "─" fg=Rgb(122, 162, 247) bg=Rgb(26, 27, 38) mod=NONE
(39,6) "─" fg=Rgb(122, 162, 247) bg=Rgb(26, 27, 38) mod=NONE
(40,6) "─" fg=Rgb(122, 162, 247) bg=Rgb(26, 27, 38) mod=NONE
(41,6) "─" fg=Rgb(122, 162, 247) bg=Rgb(26, 27, 38) mod=NONE
(42,6) "─" fg=Rgb(122, 162, 247) bg=Rgb(26, 27, 38) mod=NONE
(43,6) "─" fg=Rgb(122, 162, 247) bg=Rgb(26, 27, 38) mod=NONE
(44,6) "─" fg=Rgb(122, 162, 247) bg=Rgb(26, 27, 38) mod=NONE
(45,6) "─" fg=Rgb(122, 162, 247) bg=Rgb(26, 27, 38) mod=NONE
(46,6) "─" fg=Rgb(122, 162, 247) bg=Rgb(26, 27, 38) mod=NONE
(47,6) "─" fg=Rgb(122, 162, 247) bg=Rgb(26, 27, 38) mod=NONE
(48,6) "─" fg=Rgb(122, 162, 247) bg=Rgb(26, 27, 38) mod=NONE
(49,6) "─" fg=Rgb(122, 162, 247) bg=Rgb(26, 27, 38) mod=NONE
(50,6) "─" fg=Rgb(122, 162, 247) bg=Rgb(26, 27, 38) mod=NONE
(51,6) "─" fg=Rgb(122, 162, 247) bg=Rgb(26, 27, 38) mod=NONE
(52,6) "─" fg=Rgb(122, 162, 247) bg=Rgb(26, 27, 38) mod=NONE
(53,6) "─" fg=Rgb(122, 162, 247) bg=Rgb(26, 27, 38) mod=NONE
(54,6) "─" fg=Rgb(122, 162, 247) bg=Rgb(26, 27, 38) mod=NONE
(55,6) "─" fg=Rgb(122, 162, 247) bg=Rgb(26, 27, 38) mod=NONE
(56,6) "─" fg=Rgb(122, 162, 247) bg=Rgb(26, 27, 38) mod=NONE
(57,6) "─" fg=Rgb(122, 162, 247) bg=Rgb(26, 27, 38) mod=NONE
(58,6) "─" fg=Rgb(122, 162, 247) bg=Rgb(26, 27, 38) mod=NONE
(59,6) "─" fg=Rgb(122, 162, 247) bg=Rgb(26, 27, 38) mod=NONE
(60,6) "─" fg=Rgb(122, 162, 247) bg=Rgb(26, 27, 38) mod=NONE
(61,6) "─" fg=Rgb(122, 162, 247) bg=Rgb(26, 27, 38) mod=NONE
(62,6) "─" fg=Rgb(122, 162, 247) bg=Rgb(26, 27, 38) mod=NONE
(63,6) "─" fg=Rgb(122, 162, 247) bg=Rgb(26, 27, 38) mod=NONE
(64,6) "─" fg=Rgb(122, 162, 247) bg=Rgb(26, 27, 38) mod=NONE
(65,6) "─" fg=Rgb(122, 162, 247) bg=Rgb(26, 27, 38) mod=NONE
(66,6) "─" fg=Rgb(122, 162, 247) bg=Rgb(26, 27, 38) mod=NONE
(67,6) "─" fg=Rgb(122, 162, 247) bg=Rgb(26, 27, 38) mod=NONE
(68,6) "─" fg=Rgb(122, 162, 247) bg=Rgb(26, 27, 38) mod=NONE
(69,6) "╮" fg=Rgb(122, 162, 247) bg=Rgb(26, 27, 38) mod=NONE
(10,7) "│" fg=Rgb(122, 162, 247) bg=Rgb(26, 27, 38) mod=NONE
(11,7) "r" fg=Rgb(192, 202, 245) bg=Rgb(26, 27, 38) mod=NONE
(12,7) "u" fg=Rgb(192, 202, 245) bg=Rgb(26, 27, 38) mod=NONE
(13,7) "n" fg=Rgb(192, 202, 245) bg=Rgb(26, 27, 38) mod=NONE
(15,7) "b" fg=Rgb(192, 202, 245) bg=Rgb(26, 27, 38) mod=NONE
(16,7) "u" fg=Rgb(192, 202, 245) bg=Rgb(26, 27, 38) mod=NONE
(17,7) "i" fg=Rgb(192, 202, 245) bg=Rgb(26, 27, 38) mod=NONE
(18,7) "l" fg=Rgb(192, 202, 245) bg=Rgb(26, 27, 38) mod=NONE
(19,7) "d" fg=Rgb(192, 202, 245) bg=Rgb(26, 27, 38) mod=NONE
(20,7) ":" fg=Rgb(192, 202, 245) bg=Rgb(26, 27, 38) mod=NONE
(69,7) "│" fg=Rgb(122, 162, 247) bg=Rgb(26, 27, 38) mod=NONE
(10,8) "│" fg=Rgb(122, 162, 247) bg=Rgb(26, 27, 38) mod=NONE
(69,8) "│" fg=Rgb(122, 162, 247) bg=Rgb(26, 27, 38) mod=NONE
(10,9) "│" fg=Rgb(122, 162, 247) bg=Rgb(26, 27, 38) mod=NONE
(11,9) ">" fg=Rgb(192, 202, 245) bg=Rgb(26, 27, 38) mod=NONE
(13,9) "t" fg=Rgb(192, 202, 245) bg=Rgb(26, 27, 38) mod=NONE
(14,9) "a" fg=Rgb(192, 202, 245) bg=Rgb(26, 27, 38) mod=NONE
(15,9) "r" fg=Rgb(192, 202, 245) bg=Rgb(26, 27, 38) mod=NONE
(16,9) "g" fg=Rgb(192, 202, 245) bg=Rgb(26, 27, 38) mod=NONE
(17,9) "e" fg=Rgb(192, 202, 245) bg=Rgb(26, 27, 38) mod=NONE
(18,9) "t" fg=Rgb(192, 202, 245) bg=Rgb(26, 27, 38) mod=NONE
(19,9) ":" fg=Rgb(192, 202, 245) bg=Rgb(26, 27, 38) mod=NONE
(21,9) "x" fg=Rgb(192, 202, 245) bg=Rgb(26, 27, 38) mod=NONE
(22,9) "8" fg=Rgb(192, 202, 245) bg=Rgb(26, 27, 38) mod=NONE
(23,9) "6" fg=Rgb(192, 202, 245) bg=Rgb(26, 27, 38) mod=NONE
(24,9) "_" fg=Rgb(192, 202, 245) bg=Rgb(26, 27, 38) mod=NONE
(25,9) "6" fg=Rgb(192, 202, 245) bg=Rgb(26, 27, 38) mod=NONE
(26,9) "4" fg=Rgb(192, 202, 245) bg=Rgb(26, 27, 38) mod=NONE
(69,9) "│" fg=Rgb(122, 162, 247) bg=Rgb(26, 27, 38) mod=NONE
(10,10) "│" fg=Rgb(122, 162, 247) bg=Rgb(26, 27, 38) mod=NONE
(69,10) "│" fg=Rgb(122, 162, 247) bg=Rgb(26, 27, 38) mod=NONE
(10,11) "│" fg=Rgb(122, 162, 247) bg=Rgb(26, 27, 38) mod=NONE
(11,11) "T" fg=Rgb(86, 95, 137) bg=Rgb(26, 27, 38) mod=NONE
(12,11) "a" fg=Rgb(86, 95, 137) bg=Rgb(26, 27, 38) mod=NONE
(13,11) "b" fg=Rgb(86, 95, 137) bg=Rgb(26, 27, 38) mod=NONE
(15,11) "n" fg=Rgb(86, 95, 137) bg=Rgb(26, 27, 38) mod=NONE
(16,11) "e" fg=Rgb(86, 95, 137) bg=Rgb(26, 27, 38) mod=NONE
(17,11) "x" fg=Rgb(86, 95, 137) bg=Rgb(26, 27, 38) mod=NONE
(18,11) "t" fg=Rgb(86, 95, 137) bg=Rgb(26, 27, 38) mod=NONE
(19,11) "," fg=Rgb(86, 95, 137) bg=Rgb(26, 27, 38) mod=NONE
(21,11) "E" fg=Rgb(86, 95, 137) bg=Rgb(26, 27, 38) mod=NONE
(22,11) "n" fg=Rgb(86, 95, 137) bg=Rgb(26, 27, 38) mod=NONE
(23,11) "t" fg=Rgb(86, 95, 137) bg=Rgb(26, 27, 38) mod=NONE
(24,11) "e" fg=Rgb(86, 95, 137) bg=Rgb(26, 27, 38) mod=NONE
(25,11) "r" fg=Rgb(86, 95, 137) bg=Rgb(26, 27, 38) mod=NONE
(27,11) "r" fg=Rgb(86, 95, 137) bg=Rgb(26, 27, 38) mod=NONE
(28,11) "u" fg=Rgb(86, 95, 137) bg=Rgb(26, 27, 38) mod=NONE
(29,11) "n" fg=Rgb(86, 95, 137) bg=Rgb(26, 27, 38) mod=NONE
(30,11) "," fg=Rgb(86, 95, 137) bg=Rgb(26, 27, 38) mod=NONE
(32,11) "E" fg=Rgb(86, 95, 137) bg=Rgb(26, 27, 38) mod=NONE
(33,11) "s" fg=Rgb(86, 95, 137) bg=Rgb(26, 27, 38) mod=NONE
(34,11) "c" fg=Rgb(86, 95, 137) bg=Rgb(26, 27, 38) mod=NONE
(36,11) "c" fg=Rgb(86, 95, 137) bg=Rgb(26, 27, 38) mod=NONE
(37,11) "a" fg=Rgb(86, 95, 137) bg=Rgb(26, 27, 38) mod=NONE
(38,11) "n" fg=Rgb(86, 95, 137) bg=Rgb(26, 27, 38) mod=NONE
(39,11) "c" fg=Rgb(86, 95, 137) bg=Rgb(26, 27, 38) mod=NONE
(40,11) "e" fg=Rgb(86, 95, 137) bg=Rgb(26, 27, 38) mod=NONE
(41,11) "l" fg=Rgb(86, 95, 137) bg=Rgb(26, 27, 38) mod=NONE
(69,11) "│" fg=Rgb(122, 162, 247) bg=Rgb(26, 27, 38) mod=NONE
(10,12) "│" fg=Rgb(122, 162, 247) bg=Rgb(26, 27, 38) mod=NONE
(69,12) "│" fg=Rgb(122, 162, 247) bg=Rgb(26, 27, 38) mod=NONE
(10,13) "│" fg=Rgb(122, 162, 247) bg=Rgb(26, 27, 38) mod=NONE
(69,13) "│" fg=Rgb(122, 162, 247) bg=Rgb(26, 27, 38) mod=NONE
(10,14) "│" fg=Rgb(122, 162, 247) bg=Rgb(26, 27, 38) mod=NONE
(69,14) "│" fg=Rgb(122, 162, 247) bg=Rgb(26, 27, 38) mod=NONE
(10,15) "│" fg=Rgb(122, 162, 247) bg=Rgb(26, 27, 38) mod=NONE
(69,15) "│" fg=Rgb(122, 162, 247) bg=Rgb(26, 27, 38) mod=NONE
(10,16) "│" fg=Rgb(122, 162, 247) bg=Rgb(26, 27, 38) mod=NONE
(69,16) "│" fg=Rgb(122, 162, 247) bg=Rgb(26, 27, 38) mod=NONE
(10,17) "╰" fg=Rgb(122, 162, 247) bg=Rgb(26, 27, 38) mod=NONE
(11,17) "─" fg=Rgb(122, 162, 247) bg=Rgb(26, 27, 38) mod=NONE
(12,17) "─" fg=Rgb(122, 162, 247) bg=Rgb(26, 27, 38) mod=NONE
(13,17) "─" fg=Rgb(122, 162, 247) bg=Rgb(26, 27, 38) mod=NONE
(14,17) "─" fg=Rgb(122, 162, 247) bg=Rgb(26, 27, 38) mod=NONE
(15,17) "─" fg=Rgb(122, 162, 247) bg=Rgb(26, 27, 38) mod=NONE
(16,17) "─" fg=Rgb(122, 162, 247) bg=Rgb(26, 27, 38) mod=NONE
(17,17) "─" fg=Rgb(122, 162, 247) bg=Rgb(26, 27, 38) mod=NONE
(18,17) "─" fg=Rgb(122, 162, 247) bg=Rgb(26, 27, 38) mod=NONE
(19,17) "─" fg=Rgb(122, 162, 247) bg=Rgb(26, 27, 38) mod=NONE
(20,17) "─" fg=Rgb(122, 162, 247) bg=Rgb(26, 27, 38) mod=NONE
(21,17) "─" fg=Rgb(122, 162, 247) bg=Rgb(26, 27, 38) mod=NONE
(22,17) "─" fg=Rgb(122, 162, 247) bg=Rgb(26, 27, 38) mod=NONE
(23,17) "─" fg=Rgb(122, 162, 247) bg=Rgb(26, 27, 38) mod=NONE
(24,17) "─" fg=Rgb(122, 162, 247) bg=Rgb(26, 27, 38) mod=NONE
(25,17) "─" fg=Rgb(122, 162, 247) bg=Rgb(26, 27, 38) mod=NONE
(26,17) "─" fg=Rgb(122, 162, 247) bg=Rgb(26, 27, 38) mod=NONE
(27,17) "─" fg=Rgb(122, 162, 247) bg=Rgb(26, 27, 38) mod=NONE
(28,17) "─" fg=Rgb(122, 162, 247) bg=Rgb(26, 27, 38) mod=NONE
(29,17) "─" fg=Rgb(122, 162, 247) bg=Rgb(26, 27, 38) mod=NONE
(30,17) "─" fg=Rgb(122, 162, 247) bg=Rgb(26, 27, 38) mod=NONE
(31,17) "─" fg=Rgb(122, 162, 247) bg=Rgb(26, 27, 38) mod=NONE
(32,17) "─" fg=Rgb(122, 162, 247) bg=Rgb(26, 27, 38) mod=NONE
(33,17) "─" fg=Rgb(122, 162, 247) bg=Rgb(26, 27, 38) mod=NONE
(34,17) "─" fg=Rgb(122, 162, 247) bg=Rgb(26, 27, 38) mod=NONE
(35,17) "─" fg=Rgb(122, 162, 247) bg=Rgb(26, 27, 38) mod=NONE
(36,17) "─" fg=Rgb(122, 162, 247) bg=Rgb(26, 27, 38) mod=NONE
(37,17) "─" fg=Rgb(122, 162, 247) bg=Rgb(26, 27, 38) mod=NONE
(38,17) "─" fg=Rgb(122, 162, 247) bg=Rgb(26, 27, 38) mod=NONE
(39,17) "─" fg=Rgb(122, 162, 247) bg=Rgb(26, 27, 38) mod=NONE
(40,17) "─" fg=Rgb(122, 162, 247) bg=Rgb(26, 27, 38) mod=NONE
(41,17) "─" fg=Rgb(122, 162, 247) bg=Rgb(26, 27, 38) mod=NONE
(42,17) "─" fg=Rgb(122, 162, 247) bg=Rgb(26, 27, 38) mod=NONE
(43,17) "─" fg=Rgb(122, 162, 247) bg=Rgb(26, 27, 38) mod=NONE
(44,17) "─" fg=Rgb(122, 162, 247) bg=Rgb(26, 27, 38) mod=NONE
(45,17) "─" fg=Rgb(122, 162, 247) bg=Rgb(26, 27, 38) mod=NONE
(46,17) "─" fg=Rgb(122, 162, 247) bg=Rgb(26, 27, 38) mod=NONE
(47,17) "─" fg=Rgb(122, 162, 247) bg=Rgb(26, 27, 38) mod=NONE
(48,17) "─" fg=Rgb(122, 162, 247) bg=Rgb(26, 27, 38) mod=NONE
(49,17) "─" fg=Rgb(122, 162, 247) bg=Rgb(26, 27, 38) mod=NONE
(50,17) "─" fg=Rgb(122, 162, 247) bg=Rgb(26, 27, 38) mod=NONE
(51,17) "─" fg=Rgb(122, 162, 247) bg=Rgb(26, 27, 38) mod=NONE
(52,17) "─" fg=Rgb(122, 162, 247) bg=Rgb(26, 27, 38) mod=NONE
(53,17) "─" fg=Rgb(122, 162, 247) bg=Rgb(26, 27, 38) mod=NONE
(54,17) "─" fg=Rgb(122, 162, 247) bg=Rgb(26, 27, 38) mod=NONE
(55,17) "─" fg=Rgb(122, 162, 247) bg=Rgb(26, 27, 38) mod=NONE
(56,17) "─" fg=Rgb(122, 162, 247) bg=Rgb(26, 27, 38) mod=NONE
(57,17) "─" fg=Rgb(122, 162, 247) bg=Rgb(26, 27, 38) mod=NONE
(58,17) "─" fg=Rgb(122, 162, 247) bg=Rgb(26, 27, 38) mod=NONE
(59,17) "─" fg=Rgb(122, 162, 247) bg=Rgb(26, 27, 38) mod=NONE
(60,17) "─" fg=Rgb(122, 162, 247) bg=Rgb(26, 27, 38) mod=NONE
(61,17) "─" fg=Rgb(122, 162, 247) bg=Rgb(26, 27, 38) mod=NONE
(62,17) "─" fg=Rgb(122, 162, 247) bg=Rgb(26, 27, 38) mod=NONE
(63,17) "─" fg=Rgb(122, 162, 247) bg=Rgb(26, 27, 38) mod=NONE
(64,17) "─" fg=Rgb(122, 162, 247) bg=Rgb(26, 27, 38) mod=NONE
(65,17) "─" fg=Rgb(122, 162, 247) bg=Rgb(26, 27, 38) mod=NONE
(66,17) "─" fg=Rgb(122, 162, 247) bg=Rgb(26, 27, 38) mod=NONE
(67,17) "─" fg=Rgb(122, 162, 247) bg=Rgb(26, 27, 38) mod=NONE
(68,17) "─" fg=Rgb(122, 162, 247) bg=Rgb(26, 27, 38) mod=NONE
(69,17) "╯" fg=Rgb(122, 162, 247) bg=Rgb(26, 27, 38) mod=NONE
(0,23) "[" fg=Rgb(86, 95, 137) bg=Reset mod=NONE
(1,23) "1" fg=Rgb(86, 95, 137) bg=Reset mod=NONE
(2,23) "/" fg=Rgb(86, 95, 137) bg=Reset mod=NONE
(3,23) "1" fg=Rgb(86, 95, 137) bg=Reset mod=NONE
(4,23) "]" fg=Rgb(86, 95, 137) bg=Reset mod=NONE
(6,23) "t" fg=Rgb(192, 202, 245) bg=Reset mod=NONE
(7,23) "a" fg=Rgb(192, 202, 245) bg=Reset mod=NONE
(8,23) "r" fg=Rgb(192, 202, 245) bg=Reset mod=NONE
(9,23) "g" fg=Rgb(192, 202, 245) bg=Reset mod=NONE
(10,23) "e" fg=Rgb(192, 202, 245) bg=Reset mod=NONE
(11,23) "t" fg=Rgb(192, 202, 245) bg=Reset mod=NONE
(13,23) "=" fg=Rgb(192, 202, 245) bg=Reset mod=NONE
(15,23) "x" fg=Rgb(192, 202, 245) bg=Reset mod=NONE
(16,23) "8" fg=Rgb(192, 202, 245) bg=Reset mod=NONE
(17,23) "6" fg=Rgb(192, 202, 245) bg=Reset mod=NONE
(18,23) "_" fg=Rgb(192, 202, 245) bg=Reset mod=NONE
(19,23) "6" fg=Rgb(192, 202, 245) bg=Reset mod=NONE
(20,23) "4" fg=Rgb(192, 202, 245) bg=Reset mod=NONE
(21,23) "_" fg=Rgb(192, 202, 245) bg=Reset mod=NONE
(24,23) "·" fg=Rgb(86, 95, 137) bg=Reset mod=NONE
(27,23) "⏎" fg=Rgb(192, 202, 245) bg=Reset mod=NONE
(29,23) "n" fg=Rgb(86, 95, 137) bg=Reset mod=NONE
(30,23) "e" fg=Rgb(86, 95, 137) bg=Reset mod=NONE
(31,23) "x" fg=Rgb(86, 95, 137) bg=Reset mod=NONE
(32,23) "t" fg=Rgb(86, 95, 137) bg=Reset mod=NONE
(35,23) "·" fg=Rgb(86, 95, 137) bg=Reset mod=NONE
(38,23) "E" fg=Rgb(192, 202, 245) bg=Reset mod=NONE
(39,23) "s" fg=Rgb(192, 202, 245) bg=Reset mod=NONE
(40,23) "c" fg=Rgb(192, 202, 245) bg=Reset mod=NONE
(42,23) "c" fg=Rgb(86, 95, 137) bg=Reset mod=NONE
(43,23) "a" fg=Rgb(86, 95, 137) bg=Reset mod=NONE
(44,23) "n" fg=Rgb(86, 95, 137) bg=Reset mod=NONE
(45,23) "c" fg=Rgb(86, 95, 137) bg=Reset mod=NONE
(46,23) "e" fg=Rgb(86, 95, 137) bg=Reset mod=NONE
(47,23) "l" fg=Rgb(86, 95, 137) bg=Reset mod=NONE
