---
source: tests/snapshots.rs
expression: buffer_to_string(&buf)
---
lazyjust  —  justfile: ./justfile ▾        ? help  q quit                       
┌ recipes ─────────────┐┌ preview ─────────────────────────────────────────────┐
│>GROUP: ci            ││recipe: build                                         │
│   build              ││Build release                                         │
│   test               ││                                                      │
│                      ││command:                                              │
│                      ││  cargo build --release                               │
│                      ││                                                      │
│                      ││Enter to run                                          │
│                      ││                                                      │
│                      ││                                                      │
│                      ││                                                      │
│                      ││                                                      │
│                      ││                                                      │
│                      ││                                                      │
│                      ││                                                      │
│                      ││                                                      │
│                      ││                                                      │
└──────────────────────┘└──────────────────────────────────────────────────────┘
↑↓ j/k move   / filter   Enter run   Shift+Enter/r new   K kill   x close   ? he

--- styled cells ---
(0,0) "l" fg=Rgb(122, 162, 247) bg=Reset mod=NONE
(1,0) "a" fg=Rgb(122, 162, 247) bg=Reset mod=NONE
(2,0) "z" fg=Rgb(122, 162, 247) bg=Reset mod=NONE
(3,0) "y" fg=Rgb(122, 162, 247) bg=Reset mod=NONE
(4,0) "j" fg=Rgb(122, 162, 247) bg=Reset mod=NONE
(5,0) "u" fg=Rgb(122, 162, 247) bg=Reset mod=NONE
(6,0) "s" fg=Rgb(122, 162, 247) bg=Reset mod=NONE
(7,0) "t" fg=Rgb(122, 162, 247) bg=Reset mod=NONE
(10,0) "—" fg=Reset bg=Reset mod=NONE
(13,0) "j" fg=Reset bg=Reset mod=NONE
(14,0) "u" fg=Reset bg=Reset mod=NONE
(15,0) "s" fg=Reset bg=Reset mod=NONE
(16,0) "t" fg=Reset bg=Reset mod=NONE
(17,0) "f" fg=Reset bg=Reset mod=NONE
(18,0) "i" fg=Reset bg=Reset mod=NONE
(19,0) "l" fg=Reset bg=Reset mod=NONE
(20,0) "e" fg=Reset bg=Reset mod=NONE
(21,0) ":" fg=Reset bg=Reset mod=NONE
(23,0) "." fg=Rgb(125, 207, 255) bg=Reset mod=NONE
(24,0) "/" fg=Rgb(125, 207, 255) bg=Reset mod=NONE
(25,0) "j" fg=Rgb(125, 207, 255) bg=Reset mod=NONE
(26,0) "u" fg=Rgb(125, 207, 255) bg=Reset mod=NONE
(27,0) "s" fg=Rgb(125, 207, 255) bg=Reset mod=NONE
(28,0) "t" fg=Rgb(125, 207, 255) bg=Reset mod=NONE
(29,0) "f" fg=Rgb(125, 207, 255) bg=Reset mod=NONE
(30,0) "i" fg=Rgb(125, 207, 255) bg=Reset mod=NONE
(31,0) "l" fg=Rgb(125, 207, 255) bg=Reset mod=NONE
(32,0) "e" fg=Rgb(125, 207, 255) bg=Reset mod=NONE
(34,0) "▾" fg=Reset bg=Reset mod=NONE
(43,0) "?" fg=Rgb(86, 95, 137) bg=Reset mod=NONE
(45,0) "h" fg=Reset bg=Reset mod=NONE
(46,0) "e" fg=Reset bg=Reset mod=NONE
(47,0) "l" fg=Reset bg=Reset mod=NONE
(48,0) "p" fg=Reset bg=Reset mod=NONE
(51,0) "q" fg=Rgb(86, 95, 137) bg=Reset mod=NONE
(53,0) "q" fg=Reset bg=Reset mod=NONE
(54,0) "u" fg=Reset bg=Reset mod=NONE
(55,0) "i" fg=Reset bg=Reset mod=NONE
(56,0) "t" fg=Reset bg=Reset mod=NONE
(0,1) "┌" fg=Cyan bg=Reset mod=NONE
(2,1) "r" fg=Black bg=Cyan mod=BOLD
(3,1) "e" fg=Black bg=Cyan mod=BOLD
(4,1) "c" fg=Black bg=Cyan mod=BOLD
(5,1) "i" fg=Black bg=Cyan mod=BOLD
(6,1) "p" fg=Black bg=Cyan mod=BOLD
(7,1) "e" fg=Black bg=Cyan mod=BOLD
(8,1) "s" fg=Black bg=Cyan mod=BOLD
(10,1) "─" fg=Cyan bg=Reset mod=NONE
(11,1) "─" fg=Cyan bg=Reset mod=NONE
(12,1) "─" fg=Cyan bg=Reset mod=NONE
(13,1) "─" fg=Cyan bg=Reset mod=NONE
(14,1) "─" fg=Cyan bg=Reset mod=NONE
(15,1) "─" fg=Cyan bg=Reset mod=NONE
(16,1) "─" fg=Cyan bg=Reset mod=NONE
(17,1) "─" fg=Cyan bg=Reset mod=NONE
(18,1) "─" fg=Cyan bg=Reset mod=NONE
(19,1) "─" fg=Cyan bg=Reset mod=NONE
(20,1) "─" fg=Cyan bg=Reset mod=NONE
(21,1) "─" fg=Cyan bg=Reset mod=NONE
(22,1) "─" fg=Cyan bg=Reset mod=NONE
(23,1) "┐" fg=Cyan bg=Reset mod=NONE
(24,1) "┌" fg=DarkGray bg=Reset mod=NONE
(26,1) "p" fg=Gray bg=Reset mod=NONE
(27,1) "r" fg=Gray bg=Reset mod=NONE
(28,1) "e" fg=Gray bg=Reset mod=NONE
(29,1) "v" fg=Gray bg=Reset mod=NONE
(30,1) "i" fg=Gray bg=Reset mod=NONE
(31,1) "e" fg=Gray bg=Reset mod=NONE
(32,1) "w" fg=Gray bg=Reset mod=NONE
(34,1) "─" fg=DarkGray bg=Reset mod=NONE
(35,1) "─" fg=DarkGray bg=Reset mod=NONE
(36,1) "─" fg=DarkGray bg=Reset mod=NONE
(37,1) "─" fg=DarkGray bg=Reset mod=NONE
(38,1) "─" fg=DarkGray bg=Reset mod=NONE
(39,1) "─" fg=DarkGray bg=Reset mod=NONE
(40,1) "─" fg=DarkGray bg=Reset mod=NONE
(41,1) "─" fg=DarkGray bg=Reset mod=NONE
(42,1) "─" fg=DarkGray bg=Reset mod=NONE
(43,1) "─" fg=DarkGray bg=Reset mod=NONE
(44,1) "─" fg=DarkGray bg=Reset mod=NONE
(45,1) "─" fg=DarkGray bg=Reset mod=NONE
(46,1) "─" fg=DarkGray bg=Reset mod=NONE
(47,1) "─" fg=DarkGray bg=Reset mod=NONE
(48,1) "─" fg=DarkGray bg=Reset mod=NONE
(49,1) "─" fg=DarkGray bg=Reset mod=NONE
(50,1) "─" fg=DarkGray bg=Reset mod=NONE
(51,1) "─" fg=DarkGray bg=Reset mod=NONE
(52,1) "─" fg=DarkGray bg=Reset mod=NONE
(53,1) "─" fg=DarkGray bg=Reset mod=NONE
(54,1) "─" fg=DarkGray bg=Reset mod=NONE
(55,1) "─" fg=DarkGray bg=Reset mod=NONE
(56,1) "─" fg=DarkGray bg=Reset mod=NONE
(57,1) "─" fg=DarkGray bg=Reset mod=NONE
(58,1) "─" fg=DarkGray bg=Reset mod=NONE
(59,1) "─" fg=DarkGray bg=Reset mod=NONE
(60,1) "─" fg=DarkGray bg=Reset mod=NONE
(61,1) "─" fg=DarkGray bg=Reset mod=NONE
(62,1) "─" fg=DarkGray bg=Reset mod=NONE
(63,1) "─" fg=DarkGray bg=Reset mod=NONE
(64,1) "─" fg=DarkGray bg=Reset mod=NONE
(65,1) "─" fg=DarkGray bg=Reset mod=NONE
(66,1) "─" fg=DarkGray bg=Reset mod=NONE
(67,1) "─" fg=DarkGray bg=Reset mod=NONE
(68,1) "─" fg=DarkGray bg=Reset mod=NONE
(69,1) "─" fg=DarkGray bg=Reset mod=NONE
(70,1) "─" fg=DarkGray bg=Reset mod=NONE
(71,1) "─" fg=DarkGray bg=Reset mod=NONE
(72,1) "─" fg=DarkGray bg=Reset mod=NONE
(73,1) "─" fg=DarkGray bg=Reset mod=NONE
(74,1) "─" fg=DarkGray bg=Reset mod=NONE
(75,1) "─" fg=DarkGray bg=Reset mod=NONE
(76,1) "─" fg=DarkGray bg=Reset mod=NONE
(77,1) "─" fg=DarkGray bg=Reset mod=NONE
(78,1) "─" fg=DarkGray bg=Reset mod=NONE
(79,1) "┐" fg=DarkGray bg=Reset mod=NONE
(0,2) "│" fg=Cyan bg=Reset mod=NONE
(1,2) ">" fg=Rgb(255, 255, 255) bg=Rgb(40, 52, 87) mod=BOLD
(2,2) "G" fg=Rgb(255, 255, 255) bg=Rgb(40, 52, 87) mod=BOLD
(3,2) "R" fg=Rgb(255, 255, 255) bg=Rgb(40, 52, 87) mod=BOLD
(4,2) "O" fg=Rgb(255, 255, 255) bg=Rgb(40, 52, 87) mod=BOLD
(5,2) "U" fg=Rgb(255, 255, 255) bg=Rgb(40, 52, 87) mod=BOLD
(6,2) "P" fg=Rgb(255, 255, 255) bg=Rgb(40, 52, 87) mod=BOLD
(7,2) ":" fg=Rgb(255, 255, 255) bg=Rgb(40, 52, 87) mod=BOLD
(9,2) "c" fg=Rgb(255, 255, 255) bg=Rgb(40, 52, 87) mod=BOLD
(10,2) "i" fg=Rgb(255, 255, 255) bg=Rgb(40, 52, 87) mod=BOLD
(23,2) "│" fg=Cyan bg=Reset mod=NONE
(24,2) "│" fg=DarkGray bg=Reset mod=NONE
(25,2) "r" fg=Rgb(122, 162, 247) bg=Reset mod=NONE
(26,2) "e" fg=Rgb(122, 162, 247) bg=Reset mod=NONE
(27,2) "c" fg=Rgb(122, 162, 247) bg=Reset mod=NONE
(28,2) "i" fg=Rgb(122, 162, 247) bg=Reset mod=NONE
(29,2) "p" fg=Rgb(122, 162, 247) bg=Reset mod=NONE
(30,2) "e" fg=Rgb(122, 162, 247) bg=Reset mod=NONE
(31,2) ":" fg=Rgb(122, 162, 247) bg=Reset mod=NONE
(33,2) "b" fg=Rgb(122, 162, 247) bg=Reset mod=NONE
(34,2) "u" fg=Rgb(122, 162, 247) bg=Reset mod=NONE
(35,2) "i" fg=Rgb(122, 162, 247) bg=Reset mod=NONE
(36,2) "l" fg=Rgb(122, 162, 247) bg=Reset mod=NONE
(37,2) "d" fg=Rgb(122, 162, 247) bg=Reset mod=NONE
(79,2) "│" fg=DarkGray bg=Reset mod=NONE
(0,3) "│" fg=Cyan bg=Reset mod=NONE
(4,3) "b" fg=Reset bg=Reset mod=NONE
(5,3) "u" fg=Reset bg=Reset mod=NONE
(6,3) "i" fg=Reset bg=Reset mod=NONE
(7,3) "l" fg=Reset bg=Reset mod=NONE
(8,3) "d" fg=Reset bg=Reset mod=NONE
(23,3) "│" fg=Cyan bg=Reset mod=NONE
(24,3) "│" fg=DarkGray bg=Reset mod=NONE
(25,3) "B" fg=Rgb(86, 95, 137) bg=Reset mod=NONE
(26,3) "u" fg=Rgb(86, 95, 137) bg=Reset mod=NONE
(27,3) "i" fg=Rgb(86, 95, 137) bg=Reset mod=NONE
(28,3) "l" fg=Rgb(86, 95, 137) bg=Reset mod=NONE
(29,3) "d" fg=Rgb(86, 95, 137) bg=Reset mod=NONE
(31,3) "r" fg=Rgb(86, 95, 137) bg=Reset mod=NONE
(32,3) "e" fg=Rgb(86, 95, 137) bg=Reset mod=NONE
(33,3) "l" fg=Rgb(86, 95, 137) bg=Reset mod=NONE
(34,3) "e" fg=Rgb(86, 95, 137) bg=Reset mod=NONE
(35,3) "a" fg=Rgb(86, 95, 137) bg=Reset mod=NONE
(36,3) "s" fg=Rgb(86, 95, 137) bg=Reset mod=NONE
(37,3) "e" fg=Rgb(86, 95, 137) bg=Reset mod=NONE
(79,3) "│" fg=DarkGray bg=Reset mod=NONE
(0,4) "│" fg=Cyan bg=Reset mod=NONE
(4,4) "t" fg=Reset bg=Reset mod=NONE
(5,4) "e" fg=Reset bg=Reset mod=NONE
(6,4) "s" fg=Reset bg=Reset mod=NONE
(7,4) "t" fg=Reset bg=Reset mod=NONE
(23,4) "│" fg=Cyan bg=Reset mod=NONE
(24,4) "│" fg=DarkGray bg=Reset mod=NONE
(79,4) "│" fg=DarkGray bg=Reset mod=NONE
(0,5) "│" fg=Cyan bg=Reset mod=NONE
(23,5) "│" fg=Cyan bg=Reset mod=NONE
(24,5) "│" fg=DarkGray bg=Reset mod=NONE
(25,5) "c" fg=Reset bg=Reset mod=NONE
(26,5) "o" fg=Reset bg=Reset mod=NONE
(27,5) "m" fg=Reset bg=Reset mod=NONE
(28,5) "m" fg=Reset bg=Reset mod=NONE
(29,5) "a" fg=Reset bg=Reset mod=NONE
(30,5) "n" fg=Reset bg=Reset mod=NONE
(31,5) "d" fg=Reset bg=Reset mod=NONE
(32,5) ":" fg=Reset bg=Reset mod=NONE
(79,5) "│" fg=DarkGray bg=Reset mod=NONE
(0,6) "│" fg=Cyan bg=Reset mod=NONE
(23,6) "│" fg=Cyan bg=Reset mod=NONE
(24,6) "│" fg=DarkGray bg=Reset mod=NONE
(27,6) "c" fg=Reset bg=Reset mod=NONE
(28,6) "a" fg=Reset bg=Reset mod=NONE
(29,6) "r" fg=Reset bg=Reset mod=NONE
(30,6) "g" fg=Reset bg=Reset mod=NONE
(31,6) "o" fg=Reset bg=Reset mod=NONE
(33,6) "b" fg=Reset bg=Reset mod=NONE
(34,6) "u" fg=Reset bg=Reset mod=NONE
(35,6) "i" fg=Reset bg=Reset mod=NONE
(36,6) "l" fg=Reset bg=Reset mod=NONE
(37,6) "d" fg=Reset bg=Reset mod=NONE
(39,6) "-" fg=Reset bg=Reset mod=NONE
(40,6) "-" fg=Reset bg=Reset mod=NONE
(41,6) "r" fg=Reset bg=Reset mod=NONE
(42,6) "e" fg=Reset bg=Reset mod=NONE
(43,6) "l" fg=Reset bg=Reset mod=NONE
(44,6) "e" fg=Reset bg=Reset mod=NONE
(45,6) "a" fg=Reset bg=Reset mod=NONE
(46,6) "s" fg=Reset bg=Reset mod=NONE
(47,6) "e" fg=Reset bg=Reset mod=NONE
(79,6) "│" fg=DarkGray bg=Reset mod=NONE
(0,7) "│" fg=Cyan bg=Reset mod=NONE
(23,7) "│" fg=Cyan bg=Reset mod=NONE
(24,7) "│" fg=DarkGray bg=Reset mod=NONE
(79,7) "│" fg=DarkGray bg=Reset mod=NONE
(0,8) "│" fg=Cyan bg=Reset mod=NONE
(23,8) "│" fg=Cyan bg=Reset mod=NONE
(24,8) "│" fg=DarkGray bg=Reset mod=NONE
(25,8) "E" fg=Rgb(158, 206, 106) bg=Reset mod=NONE
(26,8) "n" fg=Rgb(158, 206, 106) bg=Reset mod=NONE
(27,8) "t" fg=Rgb(158, 206, 106) bg=Reset mod=NONE
(28,8) "e" fg=Rgb(158, 206, 106) bg=Reset mod=NONE
(29,8) "r" fg=Rgb(158, 206, 106) bg=Reset mod=NONE
(31,8) "t" fg=Rgb(158, 206, 106) bg=Reset mod=NONE
(32,8) "o" fg=Rgb(158, 206, 106) bg=Reset mod=NONE
(34,8) "r" fg=Rgb(158, 206, 106) bg=Reset mod=NONE
(35,8) "u" fg=Rgb(158, 206, 106) bg=Reset mod=NONE
(36,8) "n" fg=Rgb(158, 206, 106) bg=Reset mod=NONE
(79,8) "│" fg=DarkGray bg=Reset mod=NONE
(0,9) "│" fg=Cyan bg=Reset mod=NONE
(23,9) "│" fg=Cyan bg=Reset mod=NONE
(24,9) "│" fg=DarkGray bg=Reset mod=NONE
(79,9) "│" fg=DarkGray bg=Reset mod=NONE
(0,10) "│" fg=Cyan bg=Reset mod=NONE
(23,10) "│" fg=Cyan bg=Reset mod=NONE
(24,10) "│" fg=DarkGray bg=Reset mod=NONE
(79,10) "│" fg=DarkGray bg=Reset mod=NONE
(0,11) "│" fg=Cyan bg=Reset mod=NONE
(23,11) "│" fg=Cyan bg=Reset mod=NONE
(24,11) "│" fg=DarkGray bg=Reset mod=NONE
(79,11) "│" fg=DarkGray bg=Reset mod=NONE
(0,12) "│" fg=Cyan bg=Reset mod=NONE
(23,12) "│" fg=Cyan bg=Reset mod=NONE
(24,12) "│" fg=DarkGray bg=Reset mod=NONE
(79,12) "│" fg=DarkGray bg=Reset mod=NONE
(0,13) "│" fg=Cyan bg=Reset mod=NONE
(23,13) "│" fg=Cyan bg=Reset mod=NONE
(24,13) "│" fg=DarkGray bg=Reset mod=NONE
(79,13) "│" fg=DarkGray bg=Reset mod=NONE
(0,14) "│" fg=Cyan bg=Reset mod=NONE
(23,14) "│" fg=Cyan bg=Reset mod=NONE
(24,14) "│" fg=DarkGray bg=Reset mod=NONE
(79,14) "│" fg=DarkGray bg=Reset mod=NONE
(0,15) "│" fg=Cyan bg=Reset mod=NONE
(23,15) "│" fg=Cyan bg=Reset mod=NONE
(24,15) "│" fg=DarkGray bg=Reset mod=NONE
(79,15) "│" fg=DarkGray bg=Reset mod=NONE
(0,16) "│" fg=Cyan bg=Reset mod=NONE
(23,16) "│" fg=Cyan bg=Reset mod=NONE
(24,16) "│" fg=DarkGray bg=Reset mod=NONE
(79,16) "│" fg=DarkGray bg=Reset mod=NONE
(0,17) "│" fg=Cyan bg=Reset mod=NONE
(23,17) "│" fg=Cyan bg=Reset mod=NONE
(24,17) "│" fg=DarkGray bg=Reset mod=NONE
(79,17) "│" fg=DarkGray bg=Reset mod=NONE
(0,18) "└" fg=Cyan bg=Reset mod=NONE
(1,18) "─" fg=Cyan bg=Reset mod=NONE
(2,18) "─" fg=Cyan bg=Reset mod=NONE
(3,18) "─" fg=Cyan bg=Reset mod=NONE
(4,18) "─" fg=Cyan bg=Reset mod=NONE
(5,18) "─" fg=Cyan bg=Reset mod=NONE
(6,18) "─" fg=Cyan bg=Reset mod=NONE
(7,18) "─" fg=Cyan bg=Reset mod=NONE
(8,18) "─" fg=Cyan bg=Reset mod=NONE
(9,18) "─" fg=Cyan bg=Reset mod=NONE
(10,18) "─" fg=Cyan bg=Reset mod=NONE
(11,18) "─" fg=Cyan bg=Reset mod=NONE
(12,18) "─" fg=Cyan bg=Reset mod=NONE
(13,18) "─" fg=Cyan bg=Reset mod=NONE
(14,18) "─" fg=Cyan bg=Reset mod=NONE
(15,18) "─" fg=Cyan bg=Reset mod=NONE
(16,18) "─" fg=Cyan bg=Reset mod=NONE
(17,18) "─" fg=Cyan bg=Reset mod=NONE
(18,18) "─" fg=Cyan bg=Reset mod=NONE
(19,18) "─" fg=Cyan bg=Reset mod=NONE
(20,18) "─" fg=Cyan bg=Reset mod=NONE
(21,18) "─" fg=Cyan bg=Reset mod=NONE
(22,18) "─" fg=Cyan bg=Reset mod=NONE
(23,18) "┘" fg=Cyan bg=Reset mod=NONE
(24,18) "└" fg=DarkGray bg=Reset mod=NONE
(25,18) "─" fg=DarkGray bg=Reset mod=NONE
(26,18) "─" fg=DarkGray bg=Reset mod=NONE
(27,18) "─" fg=DarkGray bg=Reset mod=NONE
(28,18) "─" fg=DarkGray bg=Reset mod=NONE
(29,18) "─" fg=DarkGray bg=Reset mod=NONE
(30,18) "─" fg=DarkGray bg=Reset mod=NONE
(31,18) "─" fg=DarkGray bg=Reset mod=NONE
(32,18) "─" fg=DarkGray bg=Reset mod=NONE
(33,18) "─" fg=DarkGray bg=Reset mod=NONE
(34,18) "─" fg=DarkGray bg=Reset mod=NONE
(35,18) "─" fg=DarkGray bg=Reset mod=NONE
(36,18) "─" fg=DarkGray bg=Reset mod=NONE
(37,18) "─" fg=DarkGray bg=Reset mod=NONE
(38,18) "─" fg=DarkGray bg=Reset mod=NONE
(39,18) "─" fg=DarkGray bg=Reset mod=NONE
(40,18) "─" fg=DarkGray bg=Reset mod=NONE
(41,18) "─" fg=DarkGray bg=Reset mod=NONE
(42,18) "─" fg=DarkGray bg=Reset mod=NONE
(43,18) "─" fg=DarkGray bg=Reset mod=NONE
(44,18) "─" fg=DarkGray bg=Reset mod=NONE
(45,18) "─" fg=DarkGray bg=Reset mod=NONE
(46,18) "─" fg=DarkGray bg=Reset mod=NONE
(47,18) "─" fg=DarkGray bg=Reset mod=NONE
(48,18) "─" fg=DarkGray bg=Reset mod=NONE
(49,18) "─" fg=DarkGray bg=Reset mod=NONE
(50,18) "─" fg=DarkGray bg=Reset mod=NONE
(51,18) "─" fg=DarkGray bg=Reset mod=NONE
(52,18) "─" fg=DarkGray bg=Reset mod=NONE
(53,18) "─" fg=DarkGray bg=Reset mod=NONE
(54,18) "─" fg=DarkGray bg=Reset mod=NONE
(55,18) "─" fg=DarkGray bg=Reset mod=NONE
(56,18) "─" fg=DarkGray bg=Reset mod=NONE
(57,18) "─" fg=DarkGray bg=Reset mod=NONE
(58,18) "─" fg=DarkGray bg=Reset mod=NONE
(59,18) "─" fg=DarkGray bg=Reset mod=NONE
(60,18) "─" fg=DarkGray bg=Reset mod=NONE
(61,18) "─" fg=DarkGray bg=Reset mod=NONE
(62,18) "─" fg=DarkGray bg=Reset mod=NONE
(63,18) "─" fg=DarkGray bg=Reset mod=NONE
(64,18) "─" fg=DarkGray bg=Reset mod=NONE
(65,18) "─" fg=DarkGray bg=Reset mod=NONE
(66,18) "─" fg=DarkGray bg=Reset mod=NONE
(67,18) "─" fg=DarkGray bg=Reset mod=NONE
(68,18) "─" fg=DarkGray bg=Reset mod=NONE
(69,18) "─" fg=DarkGray bg=Reset mod=NONE
(70,18) "─" fg=DarkGray bg=Reset mod=NONE
(71,18) "─" fg=DarkGray bg=Reset mod=NONE
(72,18) "─" fg=DarkGray bg=Reset mod=NONE
(73,18) "─" fg=DarkGray bg=Reset mod=NONE
(74,18) "─" fg=DarkGray bg=Reset mod=NONE
(75,18) "─" fg=DarkGray bg=Reset mod=NONE
(76,18) "─" fg=DarkGray bg=Reset mod=NONE
(77,18) "─" fg=DarkGray bg=Reset mod=NONE
(78,18) "─" fg=DarkGray bg=Reset mod=NONE
(79,18) "┘" fg=DarkGray bg=Reset mod=NONE
(0,19) "↑" fg=Reset bg=Reset mod=NONE
(1,19) "↓" fg=Reset bg=Reset mod=NONE
(3,19) "j" fg=Reset bg=Reset mod=NONE
(4,19) "/" fg=Reset bg=Reset mod=NONE
(5,19) "k" fg=Reset bg=Reset mod=NONE
(7,19) "m" fg=Reset bg=Reset mod=NONE
(8,19) "o" fg=Reset bg=Reset mod=NONE
(9,19) "v" fg=Reset bg=Reset mod=NONE
(10,19) "e" fg=Reset bg=Reset mod=NONE
(14,19) "/" fg=Reset bg=Reset mod=NONE
(16,19) "f" fg=Reset bg=Reset mod=NONE
(17,19) "i" fg=Reset bg=Reset mod=NONE
(18,19) "l" fg=Reset bg=Reset mod=NONE
(19,19) "t" fg=Reset bg=Reset mod=NONE
(20,19) "e" fg=Reset bg=Reset mod=NONE
(21,19) "r" fg=Reset bg=Reset mod=NONE
(25,19) "E" fg=Reset bg=Reset mod=NONE
(26,19) "n" fg=Reset bg=Reset mod=NONE
(27,19) "t" fg=Reset bg=Reset mod=NONE
(28,19) "e" fg=Reset bg=Reset mod=NONE
(29,19) "r" fg=Reset bg=Reset mod=NONE
(31,19) "r" fg=Reset bg=Reset mod=NONE
(32,19) "u" fg=Reset bg=Reset mod=NONE
(33,19) "n" fg=Reset bg=Reset mod=NONE
(37,19) "S" fg=Reset bg=Reset mod=NONE
(38,19) "h" fg=Reset bg=Reset mod=NONE
(39,19) "i" fg=Reset bg=Reset mod=NONE
(40,19) "f" fg=Reset bg=Reset mod=NONE
(41,19) "t" fg=Reset bg=Reset mod=NONE
(42,19) "+" fg=Reset bg=Reset mod=NONE
(43,19) "E" fg=Reset bg=Reset mod=NONE
(44,19) "n" fg=Reset bg=Reset mod=NONE
(45,19) "t" fg=Reset bg=Reset mod=NONE
(46,19) "e" fg=Reset bg=Reset mod=NONE
(47,19) "r" fg=Reset bg=Reset mod=NONE
(48,19) "/" fg=Reset bg=Reset mod=NONE
(49,19) "r" fg=Reset bg=Reset mod=NONE
(51,19) "n" fg=Reset bg=Reset mod=NONE
(52,19) "e" fg=Reset bg=Reset mod=NONE
(53,19) "w" fg=Reset bg=Reset mod=NONE
(57,19) "K" fg=Reset bg=Reset mod=NONE
(59,19) "k" fg=Reset bg=Reset mod=NONE
(60,19) "i" fg=Reset bg=Reset mod=NONE
(61,19) "l" fg=Reset bg=Reset mod=NONE
(62,19) "l" fg=Reset bg=Reset mod=NONE
(66,19) "x" fg=Reset bg=Reset mod=NONE
(68,19) "c" fg=Reset bg=Reset mod=NONE
(69,19) "l" fg=Reset bg=Reset mod=NONE
(70,19) "o" fg=Reset bg=Reset mod=NONE
(71,19) "s" fg=Reset bg=Reset mod=NONE
(72,19) "e" fg=Reset bg=Reset mod=NONE
(76,19) "?" fg=Reset bg=Reset mod=NONE
(78,19) "h" fg=Reset bg=Reset mod=NONE
(79,19) "e" fg=Reset bg=Reset mod=NONE
