---
source: tests/snapshots.rs
expression: buffer_to_string(&buf)
---
lazyjust  —  justfile: ./justfile ▾        ? help  q quit                       
┌recipes───────────────┐┌preview───────────────────────────────────────────────┐
│>GROUP: ci            ││recipe: build                                         │
│   build              ││Build release                                         │
│   test               ││                                                      │
│                      ││command:                                              │
│                      ││  cargo build --release                               │
│                      ││                                                      │
│                      ││Enter to run                                          │
│                      ││                                                      │
│                      ││                                                      │
│                      ││                                                      │
│                      ││                                                      │
│                      ││                                                      │
│                      ││                                                      │
│                      ││                                                      │
│                      ││                                                      │
│                      ││                                                      │
└──────────────────────┘└──────────────────────────────────────────────────────┘
↑↓ j/k move   / filter   Enter run   Shift+Enter/r new   K kill   x close   ? he
