---
source: tests/snapshots.rs
expression: "render_to_string(&app, 160, 50)"
---
▌ lazyjust  · ./justfile  · 2 recipes                                                                                                                           
▍ CI ───────────────────────────────────────────▍ build                                                                                                         
▍  build                                        ▍ Build release                                                                                                 
▍  ○ test                                       ▍                                                                                                               
▍                                               ▍ command                                                                                                       
▍                                               ▍   $ cargo build --release                                                                                     
▍                                               ▍                                                                                                               
▍                                               ▍                                                                                                               
▍                                               ▍                                                                                                               
▍                                               ▍                                                                                                               
▍                                               ▍                                                                                                               
▍                                               ▍                                                                                                               
▍                                               ▍                                                                                                               
▍                                               ▍                                                                                                               
▍                                               ▍                                                                                                               
▍                                               ▍                                                                                                               
▍                                               ▍                                                                                                               
▍                                               ▍                                                                                                               
▍                                               ▍                                                                                                               
▍                                               ▍                                                                                                               
▍                                               ▍                                                                                                               
▍                                               ▍                                                                                                               
▍                                               ▍                                                                                                               
▍                                               ▍                                                                                                               
▍                                               ▍                                                                                                               
▍                                               ▍                                                                                                               
▍                                               ▍                                                                                                               
▍                                               ▍                                                                                                               
▍                                               ▍                                                                                                               
▍                                               ▍                                                                                                               
▍                                               ▍                                                                                                               
▍                                               ▍                                                                                                               
▍                                               ▍                                                                                                               
▍                                               ▍                                                                                                               
▍                                               ▍                                                                                                               
▍                                               ▍                                                                                                               
▍                                               ▍                                                                                                               
▍                                               ▍                                                                                                               
▍                                               ▍                                                                                                               
▍                                               ▍                                                                                                               
▍                                               ▍                                                                                                               
▍                                               ▍                                                                                                               
▍                                               ▍                                                                                                               
▍                                               ▍                                                                                                               
▍                                               ▍                                                                                                               
▍                                               ▍                                                                                                               
▍                                               ▍                                                                                                               
▍                                               ▍                                                                                                               
▍                                               ▍                                                                                                               
⏎ run  ·  / filter  ·  t theme  ·  ? help  ·  q quit                                                                                                            

--- styled cells ---
(0,0) "▌" fg=Rgb(122, 162, 247) bg=Rgb(26, 27, 38) mod=NONE
(2,0) "l" fg=Rgb(192, 202, 245) bg=Rgb(26, 27, 38) mod=BOLD
(3,0) "a" fg=Rgb(192, 202, 245) bg=Rgb(26, 27, 38) mod=BOLD
(4,0) "z" fg=Rgb(192, 202, 245) bg=Rgb(26, 27, 38) mod=BOLD
(5,0) "y" fg=Rgb(192, 202, 245) bg=Rgb(26, 27, 38) mod=BOLD
(6,0) "j" fg=Rgb(192, 202, 245) bg=Rgb(26, 27, 38) mod=BOLD
(7,0) "u" fg=Rgb(192, 202, 245) bg=Rgb(26, 27, 38) mod=BOLD
(8,0) "s" fg=Rgb(192, 202, 245) bg=Rgb(26, 27, 38) mod=BOLD
(9,0) "t" fg=Rgb(192, 202, 245) bg=Rgb(26, 27, 38) mod=BOLD
(12,0) "·" fg=Rgb(86, 95, 137) bg=Rgb(26, 27, 38) mod=NONE
(14,0) "." fg=Rgb(86, 95, 137) bg=Rgb(26, 27, 38) mod=NONE
(15,0) "/" fg=Rgb(86, 95, 137) bg=Rgb(26, 27, 38) mod=NONE
(16,0) "j" fg=Rgb(86, 95, 137) bg=Rgb(26, 27, 38) mod=NONE
(17,0) "u" fg=Rgb(86, 95, 137) bg=Rgb(26, 27, 38) mod=NONE
(18,0) "s" fg=Rgb(86, 95, 137) bg=Rgb(26, 27, 38) mod=NONE
(19,0) "t" fg=Rgb(86, 95, 137) bg=Rgb(26, 27, 38) mod=NONE
(20,0) "f" fg=Rgb(86, 95, 137) bg=Rgb(26, 27, 38) mod=NONE
(21,0) "i" fg=Rgb(86, 95, 137) bg=Rgb(26, 27, 38) mod=NONE
(22,0) "l" fg=Rgb(86, 95, 137) bg=Rgb(26, 27, 38) mod=NONE
(23,0) "e" fg=Rgb(86, 95, 137) bg=Rgb(26, 27, 38) mod=NONE
(26,0) "·" fg=Rgb(86, 95, 137) bg=Rgb(26, 27, 38) mod=NONE
(28,0) "2" fg=Rgb(86, 95, 137) bg=Rgb(26, 27, 38) mod=NONE
(30,0) "r" fg=Rgb(86, 95, 137) bg=Rgb(26, 27, 38) mod=NONE
(31,0) "e" fg=Rgb(86, 95, 137) bg=Rgb(26, 27, 38) mod=NONE
(32,0) "c" fg=Rgb(86, 95, 137) bg=Rgb(26, 27, 38) mod=NONE
(33,0) "i" fg=Rgb(86, 95, 137) bg=Rgb(26, 27, 38) mod=NONE
(34,0) "p" fg=Rgb(86, 95, 137) bg=Rgb(26, 27, 38) mod=NONE
(35,0) "e" fg=Rgb(86, 95, 137) bg=Rgb(26, 27, 38) mod=NONE
(36,0) "s" fg=Rgb(86, 95, 137) bg=Rgb(26, 27, 38) mod=NONE
(0,1) "▍" fg=Rgb(122, 162, 247) bg=Rgb(26, 27, 38) mod=NONE
(2,1) "C" fg=Rgb(122, 162, 247) bg=Rgb(26, 27, 38) mod=NONE
(3,1) "I" fg=Rgb(122, 162, 247) bg=Rgb(26, 27, 38) mod=NONE
(5,1) "─" fg=Rgb(86, 95, 137) bg=Rgb(26, 27, 38) mod=NONE
(6,1) "─" fg=Rgb(86, 95, 137) bg=Rgb(26, 27, 38) mod=NONE
(7,1) "─" fg=Rgb(86, 95, 137) bg=Rgb(26, 27, 38) mod=NONE
(8,1) "─" fg=Rgb(86, 95, 137) bg=Rgb(26, 27, 38) mod=NONE
(9,1) "─" fg=Rgb(86, 95, 137) bg=Rgb(26, 27, 38) mod=NONE
(10,1) "─" fg=Rgb(86, 95, 137) bg=Rgb(26, 27, 38) mod=NONE
(11,1) "─" fg=Rgb(86, 95, 137) bg=Rgb(26, 27, 38) mod=NONE
(12,1) "─" fg=Rgb(86, 95, 137) bg=Rgb(26, 27, 38) mod=NONE
(13,1) "─" fg=Rgb(86, 95, 137) bg=Rgb(26, 27, 38) mod=NONE
(14,1) "─" fg=Rgb(86, 95, 137) bg=Rgb(26, 27, 38) mod=NONE
(15,1) "─" fg=Rgb(86, 95, 137) bg=Rgb(26, 27, 38) mod=NONE
(16,1) "─" fg=Rgb(86, 95, 137) bg=Rgb(26, 27, 38) mod=NONE
(17,1) "─" fg=Rgb(86, 95, 137) bg=Rgb(26, 27, 38) mod=NONE
(18,1) "─" fg=Rgb(86, 95, 137) bg=Rgb(26, 27, 38) mod=NONE
(19,1) "─" fg=Rgb(86, 95, 137) bg=Rgb(26, 27, 38) mod=NONE
(20,1) "─" fg=Rgb(86, 95, 137) bg=Rgb(26, 27, 38) mod=NONE
(21,1) "─" fg=Rgb(86, 95, 137) bg=Rgb(26, 27, 38) mod=NONE
(22,1) "─" fg=Rgb(86, 95, 137) bg=Rgb(26, 27, 38) mod=NONE
(23,1) "─" fg=Rgb(86, 95, 137) bg=Rgb(26, 27, 38) mod=NONE
(24,1) "─" fg=Rgb(86, 95, 137) bg=Rgb(26, 27, 38) mod=NONE
(25,1) "─" fg=Rgb(86, 95, 137) bg=Rgb(26, 27, 38) mod=NONE
(26,1) "─" fg=Rgb(86, 95, 137) bg=Rgb(26, 27, 38) mod=NONE
(27,1) "─" fg=Rgb(86, 95, 137) bg=Rgb(26, 27, 38) mod=NONE
(28,1) "─" fg=Rgb(86, 95, 137) bg=Rgb(26, 27, 38) mod=NONE
(29,1) "─" fg=Rgb(86, 95, 137) bg=Rgb(26, 27, 38) mod=NONE
(30,1) "─" fg=Rgb(86, 95, 137) bg=Rgb(26, 27, 38) mod=NONE
(31,1) "─" fg=Rgb(86, 95, 137) bg=Rgb(26, 27, 38) mod=NONE
(32,1) "─" fg=Rgb(86, 95, 137) bg=Rgb(26, 27, 38) mod=NONE
(33,1) "─" fg=Rgb(86, 95, 137) bg=Rgb(26, 27, 38) mod=NONE
(34,1) "─" fg=Rgb(86, 95, 137) bg=Rgb(26, 27, 38) mod=NONE
(35,1) "─" fg=Rgb(86, 95, 137) bg=Rgb(26, 27, 38) mod=NONE
(36,1) "─" fg=Rgb(86, 95, 137) bg=Rgb(26, 27, 38) mod=NONE
(37,1) "─" fg=Rgb(86, 95, 137) bg=Rgb(26, 27, 38) mod=NONE
(38,1) "─" fg=Rgb(86, 95, 137) bg=Rgb(26, 27, 38) mod=NONE
(39,1) "─" fg=Rgb(86, 95, 137) bg=Rgb(26, 27, 38) mod=NONE
(40,1) "─" fg=Rgb(86, 95, 137) bg=Rgb(26, 27, 38) mod=NONE
(41,1) "─" fg=Rgb(86, 95, 137) bg=Rgb(26, 27, 38) mod=NONE
(42,1) "─" fg=Rgb(86, 95, 137) bg=Rgb(26, 27, 38) mod=NONE
(43,1) "─" fg=Rgb(86, 95, 137) bg=Rgb(26, 27, 38) mod=NONE
(44,1) "─" fg=Rgb(86, 95, 137) bg=Rgb(26, 27, 38) mod=NONE
(45,1) "─" fg=Rgb(86, 95, 137) bg=Rgb(26, 27, 38) mod=NONE
(46,1) "─" fg=Rgb(86, 95, 137) bg=Rgb(26, 27, 38) mod=NONE
(47,1) "─" fg=Rgb(86, 95, 137) bg=Rgb(26, 27, 38) mod=NONE
(48,1) "▍" fg=Rgb(86, 95, 137) bg=Rgb(26, 27, 38) mod=NONE
(50,1) "b" fg=Rgb(192, 202, 245) bg=Rgb(26, 27, 38) mod=BOLD
(51,1) "u" fg=Rgb(192, 202, 245) bg=Rgb(26, 27, 38) mod=BOLD
(52,1) "i" fg=Rgb(192, 202, 245) bg=Rgb(26, 27, 38) mod=BOLD
(53,1) "l" fg=Rgb(192, 202, 245) bg=Rgb(26, 27, 38) mod=BOLD
(54,1) "d" fg=Rgb(192, 202, 245) bg=Rgb(26, 27, 38) mod=BOLD
(0,2) "▍" fg=Rgb(122, 162, 247) bg=Rgb(26, 27, 38) mod=BOLD
(3,2) "b" fg=Rgb(255, 255, 255) bg=Rgb(40, 52, 87) mod=BOLD
(4,2) "u" fg=Rgb(255, 255, 255) bg=Rgb(40, 52, 87) mod=BOLD
(5,2) "i" fg=Rgb(255, 255, 255) bg=Rgb(40, 52, 87) mod=BOLD
(6,2) "l" fg=Rgb(255, 255, 255) bg=Rgb(40, 52, 87) mod=BOLD
(7,2) "d" fg=Rgb(255, 255, 255) bg=Rgb(40, 52, 87) mod=BOLD
(48,2) "▍" fg=Rgb(86, 95, 137) bg=Rgb(26, 27, 38) mod=NONE
(50,2) "B" fg=Rgb(86, 95, 137) bg=Rgb(26, 27, 38) mod=NONE
(51,2) "u" fg=Rgb(86, 95, 137) bg=Rgb(26, 27, 38) mod=NONE
(52,2) "i" fg=Rgb(86, 95, 137) bg=Rgb(26, 27, 38) mod=NONE
(53,2) "l" fg=Rgb(86, 95, 137) bg=Rgb(26, 27, 38) mod=NONE
(54,2) "d" fg=Rgb(86, 95, 137) bg=Rgb(26, 27, 38) mod=NONE
(56,2) "r" fg=Rgb(86, 95, 137) bg=Rgb(26, 27, 38) mod=NONE
(57,2) "e" fg=Rgb(86, 95, 137) bg=Rgb(26, 27, 38) mod=NONE
(58,2) "l" fg=Rgb(86, 95, 137) bg=Rgb(26, 27, 38) mod=NONE
(59,2) "e" fg=Rgb(86, 95, 137) bg=Rgb(26, 27, 38) mod=NONE
(60,2) "a" fg=Rgb(86, 95, 137) bg=Rgb(26, 27, 38) mod=NONE
(61,2) "s" fg=Rgb(86, 95, 137) bg=Rgb(26, 27, 38) mod=NONE
(62,2) "e" fg=Rgb(86, 95, 137) bg=Rgb(26, 27, 38) mod=NONE
(0,3) "▍" fg=Rgb(122, 162, 247) bg=Rgb(26, 27, 38) mod=NONE
(3,3) "○" fg=Rgb(192, 202, 245) bg=Rgb(26, 27, 38) mod=NONE
(5,3) "t" fg=Rgb(192, 202, 245) bg=Rgb(26, 27, 38) mod=NONE
(6,3) "e" fg=Rgb(192, 202, 245) bg=Rgb(26, 27, 38) mod=NONE
(7,3) "s" fg=Rgb(192, 202, 245) bg=Rgb(26, 27, 38) mod=NONE
(8,3) "t" fg=Rgb(192, 202, 245) bg=Rgb(26, 27, 38) mod=NONE
(48,3) "▍" fg=Rgb(86, 95, 137) bg=Rgb(26, 27, 38) mod=NONE
(0,4) "▍" fg=Rgb(122, 162, 247) bg=Rgb(26, 27, 38) mod=NONE
(48,4) "▍" fg=Rgb(86, 95, 137) bg=Rgb(26, 27, 38) mod=NONE
(50,4) "c" fg=Rgb(86, 95, 137) bg=Rgb(26, 27, 38) mod=NONE
(51,4) "o" fg=Rgb(86, 95, 137) bg=Rgb(26, 27, 38) mod=NONE
(52,4) "m" fg=Rgb(86, 95, 137) bg=Rgb(26, 27, 38) mod=NONE
(53,4) "m" fg=Rgb(86, 95, 137) bg=Rgb(26, 27, 38) mod=NONE
(54,4) "a" fg=Rgb(86, 95, 137) bg=Rgb(26, 27, 38) mod=NONE
(55,4) "n" fg=Rgb(86, 95, 137) bg=Rgb(26, 27, 38) mod=NONE
(56,4) "d" fg=Rgb(86, 95, 137) bg=Rgb(26, 27, 38) mod=NONE
(0,5) "▍" fg=Rgb(122, 162, 247) bg=Rgb(26, 27, 38) mod=NONE
(48,5) "▍" fg=Rgb(86, 95, 137) bg=Rgb(26, 27, 38) mod=NONE
(52,5) "$" fg=Rgb(125, 207, 255) bg=Rgb(26, 27, 38) mod=NONE
(54,5) "c" fg=Rgb(192, 202, 245) bg=Rgb(26, 27, 38) mod=NONE
(55,5) "a" fg=Rgb(192, 202, 245) bg=Rgb(26, 27, 38) mod=NONE
(56,5) "r" fg=Rgb(192, 202, 245) bg=Rgb(26, 27, 38) mod=NONE
(57,5) "g" fg=Rgb(192, 202, 245) bg=Rgb(26, 27, 38) mod=NONE
(58,5) "o" fg=Rgb(192, 202, 245) bg=Rgb(26, 27, 38) mod=NONE
(60,5) "b" fg=Rgb(192, 202, 245) bg=Rgb(26, 27, 38) mod=NONE
(61,5) "u" fg=Rgb(192, 202, 245) bg=Rgb(26, 27, 38) mod=NONE
(62,5) "i" fg=Rgb(192, 202, 245) bg=Rgb(26, 27, 38) mod=NONE
(63,5) "l" fg=Rgb(192, 202, 245) bg=Rgb(26, 27, 38) mod=NONE
(64,5) "d" fg=Rgb(192, 202, 245) bg=Rgb(26, 27, 38) mod=NONE
(66,5) "-" fg=Rgb(192, 202, 245) bg=Rgb(26, 27, 38) mod=NONE
(67,5) "-" fg=Rgb(192, 202, 245) bg=Rgb(26, 27, 38) mod=NONE
(68,5) "r" fg=Rgb(192, 202, 245) bg=Rgb(26, 27, 38) mod=NONE
(69,5) "e" fg=Rgb(192, 202, 245) bg=Rgb(26, 27, 38) mod=NONE
(70,5) "l" fg=Rgb(192, 202, 245) bg=Rgb(26, 27, 38) mod=NONE
(71,5) "e" fg=Rgb(192, 202, 245) bg=Rgb(26, 27, 38) mod=NONE
(72,5) "a" fg=Rgb(192, 202, 245) bg=Rgb(26, 27, 38) mod=NONE
(73,5) "s" fg=Rgb(192, 202, 245) bg=Rgb(26, 27, 38) mod=NONE
(74,5) "e" fg=Rgb(192, 202, 245) bg=Rgb(26, 27, 38) mod=NONE
(0,6) "▍" fg=Rgb(122, 162, 247) bg=Rgb(26, 27, 38) mod=NONE
(48,6) "▍" fg=Rgb(86, 95, 137) bg=Rgb(26, 27, 38) mod=NONE
(0,7) "▍" fg=Rgb(122, 162, 247) bg=Rgb(26, 27, 38) mod=NONE
(48,7) "▍" fg=Rgb(86, 95, 137) bg=Rgb(26, 27, 38) mod=NONE
(0,8) "▍" fg=Rgb(122, 162, 247) bg=Rgb(26, 27, 38) mod=NONE
(48,8) "▍" fg=Rgb(86, 95, 137) bg=Rgb(26, 27, 38) mod=NONE
(0,9) "▍" fg=Rgb(122, 162, 247) bg=Rgb(26, 27, 38) mod=NONE
(48,9) "▍" fg=Rgb(86, 95, 137) bg=Rgb(26, 27, 38) mod=NONE
(0,10) "▍" fg=Rgb(122, 162, 247) bg=Rgb(26, 27, 38) mod=NONE
(48,10) "▍" fg=Rgb(86, 95, 137) bg=Rgb(26, 27, 38) mod=NONE
(0,11) "▍" fg=Rgb(122, 162, 247) bg=Rgb(26, 27, 38) mod=NONE
(48,11) "▍" fg=Rgb(86, 95, 137) bg=Rgb(26, 27, 38) mod=NONE
(0,12) "▍" fg=Rgb(122, 162, 247) bg=Rgb(26, 27, 38) mod=NONE
(48,12) "▍" fg=Rgb(86, 95, 137) bg=Rgb(26, 27, 38) mod=NONE
(0,13) "▍" fg=Rgb(122, 162, 247) bg=Rgb(26, 27, 38) mod=NONE
(48,13) "▍" fg=Rgb(86, 95, 137) bg=Rgb(26, 27, 38) mod=NONE
(0,14) "▍" fg=Rgb(122, 162, 247) bg=Rgb(26, 27, 38) mod=NONE
(48,14) "▍" fg=Rgb(86, 95, 137) bg=Rgb(26, 27, 38) mod=NONE
(0,15) "▍" fg=Rgb(122, 162, 247) bg=Rgb(26, 27, 38) mod=NONE
(48,15) "▍" fg=Rgb(86, 95, 137) bg=Rgb(26, 27, 38) mod=NONE
(0,16) "▍" fg=Rgb(122, 162, 247) bg=Rgb(26, 27, 38) mod=NONE
(48,16) "▍" fg=Rgb(86, 95, 137) bg=Rgb(26, 27, 38) mod=NONE
(0,17) "▍" fg=Rgb(122, 162, 247) bg=Rgb(26, 27, 38) mod=NONE
(48,17) "▍" fg=Rgb(86, 95, 137) bg=Rgb(26, 27, 38) mod=NONE
(0,18) "▍" fg=Rgb(122, 162, 247) bg=Rgb(26, 27, 38) mod=NONE
(48,18) "▍" fg=Rgb(86, 95, 137) bg=Rgb(26, 27, 38) mod=NONE
(0,19) "▍" fg=Rgb(122, 162, 247) bg=Rgb(26, 27, 38) mod=NONE
(48,19) "▍" fg=Rgb(86, 95, 137) bg=Rgb(26, 27, 38) mod=NONE
(0,20) "▍" fg=Rgb(122, 162, 247) bg=Rgb(26, 27, 38) mod=NONE
(48,20) "▍" fg=Rgb(86, 95, 137) bg=Rgb(26, 27, 38) mod=NONE
(0,21) "▍" fg=Rgb(122, 162, 247) bg=Rgb(26, 27, 38) mod=NONE
(48,21) "▍" fg=Rgb(86, 95, 137) bg=Rgb(26, 27, 38) mod=NONE
(0,22) "▍" fg=Rgb(122, 162, 247) bg=Rgb(26, 27, 38) mod=NONE
(48,22) "▍" fg=Rgb(86, 95, 137) bg=Rgb(26, 27, 38) mod=NONE
(0,23) "▍" fg=Rgb(122, 162, 247) bg=Rgb(26, 27, 38) mod=NONE
(48,23) "▍" fg=Rgb(86, 95, 137) bg=Rgb(26, 27, 38) mod=NONE
(0,24) "▍" fg=Rgb(122, 162, 247) bg=Rgb(26, 27, 38) mod=NONE
(48,24) "▍" fg=Rgb(86, 95, 137) bg=Rgb(26, 27, 38) mod=NONE
(0,25) "▍" fg=Rgb(122, 162, 247) bg=Rgb(26, 27, 38) mod=NONE
(48,25) "▍" fg=Rgb(86, 95, 137) bg=Rgb(26, 27, 38) mod=NONE
(0,26) "▍" fg=Rgb(122, 162, 247) bg=Rgb(26, 27, 38) mod=NONE
(48,26) "▍" fg=Rgb(86, 95, 137) bg=Rgb(26, 27, 38) mod=NONE
(0,27) "▍" fg=Rgb(122, 162, 247) bg=Rgb(26, 27, 38) mod=NONE
(48,27) "▍" fg=Rgb(86, 95, 137) bg=Rgb(26, 27, 38) mod=NONE
(0,28) "▍" fg=Rgb(122, 162, 247) bg=Rgb(26, 27, 38) mod=NONE
(48,28) "▍" fg=Rgb(86, 95, 137) bg=Rgb(26, 27, 38) mod=NONE
(0,29) "▍" fg=Rgb(122, 162, 247) bg=Rgb(26, 27, 38) mod=NONE
(48,29) "▍" fg=Rgb(86, 95, 137) bg=Rgb(26, 27, 38) mod=NONE
(0,30) "▍" fg=Rgb(122, 162, 247) bg=Rgb(26, 27, 38) mod=NONE
(48,30) "▍" fg=Rgb(86, 95, 137) bg=Rgb(26, 27, 38) mod=NONE
(0,31) "▍" fg=Rgb(122, 162, 247) bg=Rgb(26, 27, 38) mod=NONE
(48,31) "▍" fg=Rgb(86, 95, 137) bg=Rgb(26, 27, 38) mod=NONE
(0,32) "▍" fg=Rgb(122, 162, 247) bg=Rgb(26, 27, 38) mod=NONE
(48,32) "▍" fg=Rgb(86, 95, 137) bg=Rgb(26, 27, 38) mod=NONE
(0,33) "▍" fg=Rgb(122, 162, 247) bg=Rgb(26, 27, 38) mod=NONE
(48,33) "▍" fg=Rgb(86, 95, 137) bg=Rgb(26, 27, 38) mod=NONE
(0,34) "▍" fg=Rgb(122, 162, 247) bg=Rgb(26, 27, 38) mod=NONE
(48,34) "▍" fg=Rgb(86, 95, 137) bg=Rgb(26, 27, 38) mod=NONE
(0,35) "▍" fg=Rgb(122, 162, 247) bg=Rgb(26, 27, 38) mod=NONE
(48,35) "▍" fg=Rgb(86, 95, 137) bg=Rgb(26, 27, 38) mod=NONE
(0,36) "▍" fg=Rgb(122, 162, 247) bg=Rgb(26, 27, 38) mod=NONE
(48,36) "▍" fg=Rgb(86, 95, 137) bg=Rgb(26, 27, 38) mod=NONE
(0,37) "▍" fg=Rgb(122, 162, 247) bg=Rgb(26, 27, 38) mod=NONE
(48,37) "▍" fg=Rgb(86, 95, 137) bg=Rgb(26, 27, 38) mod=NONE
(0,38) "▍" fg=Rgb(122, 162, 247) bg=Rgb(26, 27, 38) mod=NONE
(48,38) "▍" fg=Rgb(86, 95, 137) bg=Rgb(26, 27, 38) mod=NONE
(0,39) "▍" fg=Rgb(122, 162, 247) bg=Rgb(26, 27, 38) mod=NONE
(48,39) "▍" fg=Rgb(86, 95, 137) bg=Rgb(26, 27, 38) mod=NONE
(0,40) "▍" fg=Rgb(122, 162, 247) bg=Rgb(26, 27, 38) mod=NONE
(48,40) "▍" fg=Rgb(86, 95, 137) bg=Rgb(26, 27, 38) mod=NONE
(0,41) "▍" fg=Rgb(122, 162, 247) bg=Rgb(26, 27, 38) mod=NONE
(48,41) "▍" fg=Rgb(86, 95, 137) bg=Rgb(26, 27, 38) mod=NONE
(0,42) "▍" fg=Rgb(122, 162, 247) bg=Rgb(26, 27, 38) mod=NONE
(48,42) "▍" fg=Rgb(86, 95, 137) bg=Rgb(26, 27, 38) mod=NONE
(0,43) "▍" fg=Rgb(122, 162, 247) bg=Rgb(26, 27, 38) mod=NONE
(48,43) "▍" fg=Rgb(86, 95, 137) bg=Rgb(26, 27, 38) mod=NONE
(0,44) "▍" fg=Rgb(122, 162, 247) bg=Rgb(26, 27, 38) mod=NONE
(48,44) "▍" fg=Rgb(86, 95, 137) bg=Rgb(26, 27, 38) mod=NONE
(0,45) "▍" fg=Rgb(122, 162, 247) bg=Rgb(26, 27, 38) mod=NONE
(48,45) "▍" fg=Rgb(86, 95, 137) bg=Rgb(26, 27, 38) mod=NONE
(0,46) "▍" fg=Rgb(122, 162, 247) bg=Rgb(26, 27, 38) mod=NONE
(48,46) "▍" fg=Rgb(86, 95, 137) bg=Rgb(26, 27, 38) mod=NONE
(0,47) "▍" fg=Rgb(122, 162, 247) bg=Rgb(26, 27, 38) mod=NONE
(48,47) "▍" fg=Rgb(86, 95, 137) bg=Rgb(26, 27, 38) mod=NONE
(0,48) "▍" fg=Rgb(122, 162, 247) bg=Rgb(26, 27, 38) mod=NONE
(48,48) "▍" fg=Rgb(86, 95, 137) bg=Rgb(26, 27, 38) mod=NONE
(0,49) "⏎" fg=Rgb(192, 202, 245) bg=Rgb(26, 27, 38) mod=NONE
(2,49) "r" fg=Rgb(86, 95, 137) bg=Rgb(26, 27, 38) mod=NONE
(3,49) "u" fg=Rgb(86, 95, 137) bg=Rgb(26, 27, 38) mod=NONE
(4,49) "n" fg=Rgb(86, 95, 137) bg=Rgb(26, 27, 38) mod=NONE
(7,49) "·" fg=Rgb(86, 95, 137) bg=Rgb(26, 27, 38) mod=NONE
(10,49) "/" fg=Rgb(192, 202, 245) bg=Rgb(26, 27, 38) mod=NONE
(12,49) "f" fg=Rgb(86, 95, 137) bg=Rgb(26, 27, 38) mod=NONE
(13,49) "i" fg=Rgb(86, 95, 137) bg=Rgb(26, 27, 38) mod=NONE
(14,49) "l" fg=Rgb(86, 95, 137) bg=Rgb(26, 27, 38) mod=NONE
(15,49) "t" fg=Rgb(86, 95, 137) bg=Rgb(26, 27, 38) mod=NONE
(16,49) "e" fg=Rgb(86, 95, 137) bg=Rgb(26, 27, 38) mod=NONE
(17,49) "r" fg=Rgb(86, 95, 137) bg=Rgb(26, 27, 38) mod=NONE
(20,49) "·" fg=Rgb(86, 95, 137) bg=Rgb(26, 27, 38) mod=NONE
(23,49) "t" fg=Rgb(192, 202, 245) bg=Rgb(26, 27, 38) mod=NONE
(25,49) "t" fg=Rgb(86, 95, 137) bg=Rgb(26, 27, 38) mod=NONE
(26,49) "h" fg=Rgb(86, 95, 137) bg=Rgb(26, 27, 38) mod=NONE
(27,49) "e" fg=Rgb(86, 95, 137) bg=Rgb(26, 27, 38) mod=NONE
(28,49) "m" fg=Rgb(86, 95, 137) bg=Rgb(26, 27, 38) mod=NONE
(29,49) "e" fg=Rgb(86, 95, 137) bg=Rgb(26, 27, 38) mod=NONE
(32,49) "·" fg=Rgb(86, 95, 137) bg=Rgb(26, 27, 38) mod=NONE
(35,49) "?" fg=Rgb(192, 202, 245) bg=Rgb(26, 27, 38) mod=NONE
(37,49) "h" fg=Rgb(86, 95, 137) bg=Rgb(26, 27, 38) mod=NONE
(38,49) "e" fg=Rgb(86, 95, 137) bg=Rgb(26, 27, 38) mod=NONE
(39,49) "l" fg=Rgb(86, 95, 137) bg=Rgb(26, 27, 38) mod=NONE
(40,49) "p" fg=Rgb(86, 95, 137) bg=Rgb(26, 27, 38) mod=NONE
(43,49) "·" fg=Rgb(86, 95, 137) bg=Rgb(26, 27, 38) mod=NONE
(46,49) "q" fg=Rgb(192, 202, 245) bg=Rgb(26, 27, 38) mod=NONE
(48,49) "q" fg=Rgb(86, 95, 137) bg=Rgb(26, 27, 38) mod=NONE
(49,49) "u" fg=Rgb(86, 95, 137) bg=Rgb(26, 27, 38) mod=NONE
(50,49) "i" fg=Rgb(86, 95, 137) bg=Rgb(26, 27, 38) mod=NONE
(51,49) "t" fg=Rgb(86, 95, 137) bg=Rgb(26, 27, 38) mod=NONE
